| concept_bit_def_via_circuit.py:7:21:7:21 | ControlFlowNode for IntegerLiteral | bit in reg: 'anonymous register', index: '0',  circuit: 'qc',  type: 'qubit' |
| concept_bit_def_via_circuit.py:7:21:7:21 | ControlFlowNode for IntegerLiteral | bit in reg: 'anonymous register', index: '1',  circuit: 'qc',  type: 'qubit' |
| concept_bit_def_via_circuit.py:12:36:12:37 | ControlFlowNode for IntegerLiteral | bit in reg: 'anonymous register', index: '0',  circuit: 'qc_mostly_quantum',  type: 'qubit' |
| concept_bit_def_via_circuit.py:12:36:12:37 | ControlFlowNode for IntegerLiteral | bit in reg: 'anonymous register', index: '1',  circuit: 'qc_mostly_quantum',  type: 'qubit' |
| concept_bit_def_via_circuit.py:12:36:12:37 | ControlFlowNode for IntegerLiteral | bit in reg: 'anonymous register', index: '2',  circuit: 'qc_mostly_quantum',  type: 'qubit' |
| concept_bit_def_via_circuit.py:12:36:12:37 | ControlFlowNode for IntegerLiteral | bit in reg: 'anonymous register', index: '3',  circuit: 'qc_mostly_quantum',  type: 'qubit' |
| concept_bit_def_via_circuit.py:12:36:12:37 | ControlFlowNode for IntegerLiteral | bit in reg: 'anonymous register', index: '4',  circuit: 'qc_mostly_quantum',  type: 'qubit' |
| concept_bit_def_via_circuit.py:12:36:12:37 | ControlFlowNode for IntegerLiteral | bit in reg: 'anonymous register', index: '5',  circuit: 'qc_mostly_quantum',  type: 'qubit' |
| concept_bit_def_via_circuit.py:12:36:12:37 | ControlFlowNode for IntegerLiteral | bit in reg: 'anonymous register', index: '6',  circuit: 'qc_mostly_quantum',  type: 'qubit' |
| concept_bit_def_via_circuit.py:12:36:12:37 | ControlFlowNode for IntegerLiteral | bit in reg: 'anonymous register', index: '7',  circuit: 'qc_mostly_quantum',  type: 'qubit' |
| concept_bit_def_via_circuit.py:12:36:12:37 | ControlFlowNode for IntegerLiteral | bit in reg: 'anonymous register', index: '8',  circuit: 'qc_mostly_quantum',  type: 'qubit' |
| concept_bit_def_via_circuit.py:12:36:12:37 | ControlFlowNode for IntegerLiteral | bit in reg: 'anonymous register', index: '9',  circuit: 'qc_mostly_quantum',  type: 'qubit' |
| concept_bit_def_via_circuit.py:19:25:19:25 | ControlFlowNode for IntegerLiteral | bit in reg: 'anonymous register', index: '0',  circuit: 'qc',  type: 'qubit' |
| concept_bit_def_via_circuit.py:19:25:19:25 | ControlFlowNode for IntegerLiteral | bit in reg: 'anonymous register', index: '1',  circuit: 'qc',  type: 'qubit' |
| concept_bit_def_via_circuit.py:30:23:30:23 | ControlFlowNode for IntegerLiteral | bit in reg: 'anonymous register', index: '0',  circuit: 'qc_su2',  type: 'qubit' |
| concept_bit_def_via_circuit.py:30:23:30:23 | ControlFlowNode for IntegerLiteral | bit in reg: 'anonymous register', index: '1',  circuit: 'qc_su2',  type: 'qubit' |
| concept_bit_def_via_circuit.py:30:23:30:23 | ControlFlowNode for IntegerLiteral | bit in reg: 'anonymous register', index: '2',  circuit: 'qc_su2',  type: 'qubit' |
| concept_bit_def_via_circuit.py:33:26:33:26 | ControlFlowNode for IntegerLiteral | bit in reg: 'anonymous register', index: '0',  circuit: 'qc_real',  type: 'qubit' |
| concept_bit_def_via_circuit.py:33:26:33:26 | ControlFlowNode for IntegerLiteral | bit in reg: 'anonymous register', index: '1',  circuit: 'qc_real',  type: 'qubit' |
| concept_bit_def_via_circuit.py:33:26:33:26 | ControlFlowNode for IntegerLiteral | bit in reg: 'anonymous register', index: '2',  circuit: 'qc_real',  type: 'qubit' |
| concept_bit_def_via_circuit.py:33:26:33:26 | ControlFlowNode for IntegerLiteral | bit in reg: 'anonymous register', index: '3',  circuit: 'qc_real',  type: 'qubit' |
| concept_bit_def_via_circuit.py:36:18:36:18 | ControlFlowNode for IntegerLiteral | bit in reg: 'anonymous register', index: '0',  circuit: 'qc_tl',  type: 'qubit' |
| concept_bit_def_via_circuit.py:36:18:36:18 | ControlFlowNode for IntegerLiteral | bit in reg: 'anonymous register', index: '1',  circuit: 'qc_tl',  type: 'qubit' |
| concept_bit_def_via_circuit.py:36:18:36:18 | ControlFlowNode for IntegerLiteral | bit in reg: 'anonymous register', index: '2',  circuit: 'qc_tl',  type: 'qubit' |
