| concept_reset_gate.py:8:1:8:13 | ControlFlowNode for Attribute() | concept_reset_gate.py:9:1:9:17 | ControlFlowNode for Attribute() | Gate: 'x' on qubit 0 is followed by gate: 'cx'. |
| concept_reset_gate.py:8:1:8:13 | ControlFlowNode for Attribute() | concept_reset_gate.py:10:1:10:22 | ControlFlowNode for Attribute() | Gate: 'x' on qubit 0 is followed by gate: 'measure'. |
| concept_reset_gate.py:8:1:8:13 | ControlFlowNode for Attribute() | concept_reset_gate.py:12:1:12:17 | ControlFlowNode for Attribute() | Gate: 'x' on qubit 0 is followed by gate: 'reset'. |
| concept_reset_gate.py:8:1:8:13 | ControlFlowNode for Attribute() | concept_reset_gate.py:14:1:14:13 | ControlFlowNode for Attribute() | Gate: 'x' on qubit 0 is followed by gate: 'h'. |
| concept_reset_gate.py:9:1:9:17 | ControlFlowNode for Attribute() | concept_reset_gate.py:10:1:10:22 | ControlFlowNode for Attribute() | Gate: 'cx' on qubit 0 is followed by gate: 'measure'. |
| concept_reset_gate.py:9:1:9:17 | ControlFlowNode for Attribute() | concept_reset_gate.py:11:1:11:22 | ControlFlowNode for Attribute() | Gate: 'cx' on qubit 1 is followed by gate: 'measure'. |
| concept_reset_gate.py:9:1:9:17 | ControlFlowNode for Attribute() | concept_reset_gate.py:12:1:12:17 | ControlFlowNode for Attribute() | Gate: 'cx' on qubit 0 is followed by gate: 'reset'. |
| concept_reset_gate.py:9:1:9:17 | ControlFlowNode for Attribute() | concept_reset_gate.py:13:1:13:17 | ControlFlowNode for Attribute() | Gate: 'cx' on qubit 1 is followed by gate: 'reset'. |
| concept_reset_gate.py:9:1:9:17 | ControlFlowNode for Attribute() | concept_reset_gate.py:14:1:14:13 | ControlFlowNode for Attribute() | Gate: 'cx' on qubit 0 is followed by gate: 'h'. |
| concept_reset_gate.py:10:1:10:22 | ControlFlowNode for Attribute() | concept_reset_gate.py:12:1:12:17 | ControlFlowNode for Attribute() | Gate: 'measure' on qubit 0 is followed by gate: 'reset'. |
| concept_reset_gate.py:10:1:10:22 | ControlFlowNode for Attribute() | concept_reset_gate.py:14:1:14:13 | ControlFlowNode for Attribute() | Gate: 'measure' on qubit 0 is followed by gate: 'h'. |
| concept_reset_gate.py:11:1:11:22 | ControlFlowNode for Attribute() | concept_reset_gate.py:13:1:13:17 | ControlFlowNode for Attribute() | Gate: 'measure' on qubit 1 is followed by gate: 'reset'. |
| concept_reset_gate.py:12:1:12:17 | ControlFlowNode for Attribute() | concept_reset_gate.py:14:1:14:13 | ControlFlowNode for Attribute() | Gate: 'reset' on qubit 0 is followed by gate: 'h'. |
| concept_reset_gate.py:19:1:19:17 | ControlFlowNode for Attribute() | concept_reset_gate.py:22:1:22:13 | ControlFlowNode for Attribute() | Gate: 'reset' on qubit 0 is followed by gate: 'x'. |
| concept_reset_gate.py:19:1:19:17 | ControlFlowNode for Attribute() | concept_reset_gate.py:23:1:23:17 | ControlFlowNode for Attribute() | Gate: 'reset' on qubit 0 is followed by gate: 'cx'. |
| concept_reset_gate.py:19:1:19:17 | ControlFlowNode for Attribute() | concept_reset_gate.py:24:1:24:22 | ControlFlowNode for Attribute() | Gate: 'reset' on qubit 0 is followed by gate: 'measure'. |
| concept_reset_gate.py:19:1:19:17 | ControlFlowNode for Attribute() | concept_reset_gate.py:26:1:26:13 | ControlFlowNode for Attribute() | Gate: 'reset' on qubit 0 is followed by gate: 'h'. |
| concept_reset_gate.py:20:1:20:17 | ControlFlowNode for Attribute() | concept_reset_gate.py:23:1:23:17 | ControlFlowNode for Attribute() | Gate: 'reset' on qubit 1 is followed by gate: 'cx'. |
| concept_reset_gate.py:20:1:20:17 | ControlFlowNode for Attribute() | concept_reset_gate.py:25:1:25:22 | ControlFlowNode for Attribute() | Gate: 'reset' on qubit 1 is followed by gate: 'measure'. |
| concept_reset_gate.py:22:1:22:13 | ControlFlowNode for Attribute() | concept_reset_gate.py:23:1:23:17 | ControlFlowNode for Attribute() | Gate: 'x' on qubit 0 is followed by gate: 'cx'. |
| concept_reset_gate.py:22:1:22:13 | ControlFlowNode for Attribute() | concept_reset_gate.py:24:1:24:22 | ControlFlowNode for Attribute() | Gate: 'x' on qubit 0 is followed by gate: 'measure'. |
| concept_reset_gate.py:22:1:22:13 | ControlFlowNode for Attribute() | concept_reset_gate.py:26:1:26:13 | ControlFlowNode for Attribute() | Gate: 'x' on qubit 0 is followed by gate: 'h'. |
| concept_reset_gate.py:23:1:23:17 | ControlFlowNode for Attribute() | concept_reset_gate.py:24:1:24:22 | ControlFlowNode for Attribute() | Gate: 'cx' on qubit 0 is followed by gate: 'measure'. |
| concept_reset_gate.py:23:1:23:17 | ControlFlowNode for Attribute() | concept_reset_gate.py:25:1:25:22 | ControlFlowNode for Attribute() | Gate: 'cx' on qubit 1 is followed by gate: 'measure'. |
| concept_reset_gate.py:23:1:23:17 | ControlFlowNode for Attribute() | concept_reset_gate.py:26:1:26:13 | ControlFlowNode for Attribute() | Gate: 'cx' on qubit 0 is followed by gate: 'h'. |
| concept_reset_gate.py:24:1:24:22 | ControlFlowNode for Attribute() | concept_reset_gate.py:26:1:26:13 | ControlFlowNode for Attribute() | Gate: 'measure' on qubit 0 is followed by gate: 'h'. |
| concept_reset_gate.py:34:5:34:15 | ControlFlowNode for Attribute() | concept_reset_gate.py:34:5:34:15 | ControlFlowNode for Attribute() | Gate: 'x' on qubit 2 is followed by gate: 'x'. |
| concept_reset_gate.py:34:5:34:15 | ControlFlowNode for Attribute() | concept_reset_gate.py:35:5:35:23 | ControlFlowNode for Attribute() | Gate: 'x' on qubit 2 is followed by gate: 'cx'. |
| concept_reset_gate.py:34:5:34:15 | ControlFlowNode for Attribute() | concept_reset_gate.py:38:5:38:16 | ControlFlowNode for Attribute() | Gate: 'x' on qubit 2 is followed by gate: 'reset'. |
| concept_reset_gate.py:35:5:35:23 | ControlFlowNode for Attribute() | concept_reset_gate.py:34:5:34:15 | ControlFlowNode for Attribute() | Gate: 'cx' on qubit 2 is followed by gate: 'x'. |
| concept_reset_gate.py:35:5:35:23 | ControlFlowNode for Attribute() | concept_reset_gate.py:35:5:35:23 | ControlFlowNode for Attribute() | Gate: 'cx' on qubit 1 is followed by gate: 'cx'. |
| concept_reset_gate.py:35:5:35:23 | ControlFlowNode for Attribute() | concept_reset_gate.py:35:5:35:23 | ControlFlowNode for Attribute() | Gate: 'cx' on qubit 2 is followed by gate: 'cx'. |
| concept_reset_gate.py:35:5:35:23 | ControlFlowNode for Attribute() | concept_reset_gate.py:37:5:37:28 | ControlFlowNode for Attribute() | Gate: 'cx' on qubit 1 is followed by gate: 'measure'. |
| concept_reset_gate.py:35:5:35:23 | ControlFlowNode for Attribute() | concept_reset_gate.py:38:5:38:16 | ControlFlowNode for Attribute() | Gate: 'cx' on qubit 1 is followed by gate: 'reset'. |
| concept_reset_gate.py:35:5:35:23 | ControlFlowNode for Attribute() | concept_reset_gate.py:38:5:38:16 | ControlFlowNode for Attribute() | Gate: 'cx' on qubit 2 is followed by gate: 'reset'. |
| concept_reset_gate.py:36:5:36:28 | ControlFlowNode for Attribute() | concept_reset_gate.py:36:5:36:28 | ControlFlowNode for Attribute() | Gate: 'measure' on qubit 0 is followed by gate: 'measure'. |
| concept_reset_gate.py:36:5:36:28 | ControlFlowNode for Attribute() | concept_reset_gate.py:38:5:38:16 | ControlFlowNode for Attribute() | Gate: 'measure' on qubit 0 is followed by gate: 'reset'. |
| concept_reset_gate.py:37:5:37:28 | ControlFlowNode for Attribute() | concept_reset_gate.py:35:5:35:23 | ControlFlowNode for Attribute() | Gate: 'measure' on qubit 1 is followed by gate: 'cx'. |
| concept_reset_gate.py:37:5:37:28 | ControlFlowNode for Attribute() | concept_reset_gate.py:37:5:37:28 | ControlFlowNode for Attribute() | Gate: 'measure' on qubit 1 is followed by gate: 'measure'. |
| concept_reset_gate.py:37:5:37:28 | ControlFlowNode for Attribute() | concept_reset_gate.py:38:5:38:16 | ControlFlowNode for Attribute() | Gate: 'measure' on qubit 1 is followed by gate: 'reset'. |
| concept_reset_gate.py:38:5:38:16 | ControlFlowNode for Attribute() | concept_reset_gate.py:34:5:34:15 | ControlFlowNode for Attribute() | Gate: 'reset' on qubit 2 is followed by gate: 'x'. |
| concept_reset_gate.py:38:5:38:16 | ControlFlowNode for Attribute() | concept_reset_gate.py:35:5:35:23 | ControlFlowNode for Attribute() | Gate: 'reset' on qubit 1 is followed by gate: 'cx'. |
| concept_reset_gate.py:38:5:38:16 | ControlFlowNode for Attribute() | concept_reset_gate.py:35:5:35:23 | ControlFlowNode for Attribute() | Gate: 'reset' on qubit 2 is followed by gate: 'cx'. |
| concept_reset_gate.py:38:5:38:16 | ControlFlowNode for Attribute() | concept_reset_gate.py:36:5:36:28 | ControlFlowNode for Attribute() | Gate: 'reset' on qubit 0 is followed by gate: 'measure'. |
| concept_reset_gate.py:38:5:38:16 | ControlFlowNode for Attribute() | concept_reset_gate.py:37:5:37:28 | ControlFlowNode for Attribute() | Gate: 'reset' on qubit 1 is followed by gate: 'measure'. |
| concept_reset_gate.py:38:5:38:16 | ControlFlowNode for Attribute() | concept_reset_gate.py:38:5:38:16 | ControlFlowNode for Attribute() | Gate: 'reset' on qubit 0 is followed by gate: 'reset'. |
| concept_reset_gate.py:38:5:38:16 | ControlFlowNode for Attribute() | concept_reset_gate.py:38:5:38:16 | ControlFlowNode for Attribute() | Gate: 'reset' on qubit 1 is followed by gate: 'reset'. |
| concept_reset_gate.py:38:5:38:16 | ControlFlowNode for Attribute() | concept_reset_gate.py:38:5:38:16 | ControlFlowNode for Attribute() | Gate: 'reset' on qubit 2 is followed by gate: 'reset'. |
| concept_reset_gate.py:48:5:48:22 | ControlFlowNode for Attribute() | concept_reset_gate.py:48:5:48:22 | ControlFlowNode for Attribute() | Gate: 'x' on qubit 2 is followed by gate: 'x'. |
| concept_reset_gate.py:48:5:48:22 | ControlFlowNode for Attribute() | concept_reset_gate.py:49:5:49:32 | ControlFlowNode for Attribute() | Gate: 'x' on qubit 2 is followed by gate: 'cx'. |
| concept_reset_gate.py:48:5:48:22 | ControlFlowNode for Attribute() | concept_reset_gate.py:53:5:53:23 | ControlFlowNode for Attribute() | Gate: 'x' on qubit 2 is followed by gate: 'reset'. |
| concept_reset_gate.py:49:5:49:32 | ControlFlowNode for Attribute() | concept_reset_gate.py:48:5:48:22 | ControlFlowNode for Attribute() | Gate: 'cx' on qubit 2 is followed by gate: 'x'. |
| concept_reset_gate.py:49:5:49:32 | ControlFlowNode for Attribute() | concept_reset_gate.py:49:5:49:32 | ControlFlowNode for Attribute() | Gate: 'cx' on qubit 1 is followed by gate: 'cx'. |
| concept_reset_gate.py:49:5:49:32 | ControlFlowNode for Attribute() | concept_reset_gate.py:49:5:49:32 | ControlFlowNode for Attribute() | Gate: 'cx' on qubit 2 is followed by gate: 'cx'. |
| concept_reset_gate.py:49:5:49:32 | ControlFlowNode for Attribute() | concept_reset_gate.py:51:5:51:37 | ControlFlowNode for Attribute() | Gate: 'cx' on qubit 1 is followed by gate: 'measure'. |
| concept_reset_gate.py:49:5:49:32 | ControlFlowNode for Attribute() | concept_reset_gate.py:53:5:53:23 | ControlFlowNode for Attribute() | Gate: 'cx' on qubit 1 is followed by gate: 'reset'. |
| concept_reset_gate.py:49:5:49:32 | ControlFlowNode for Attribute() | concept_reset_gate.py:53:5:53:23 | ControlFlowNode for Attribute() | Gate: 'cx' on qubit 2 is followed by gate: 'reset'. |
| concept_reset_gate.py:50:5:50:37 | ControlFlowNode for Attribute() | concept_reset_gate.py:50:5:50:37 | ControlFlowNode for Attribute() | Gate: 'measure' on qubit 0 is followed by gate: 'measure'. |
| concept_reset_gate.py:50:5:50:37 | ControlFlowNode for Attribute() | concept_reset_gate.py:53:5:53:23 | ControlFlowNode for Attribute() | Gate: 'measure' on qubit 0 is followed by gate: 'reset'. |
| concept_reset_gate.py:51:5:51:37 | ControlFlowNode for Attribute() | concept_reset_gate.py:49:5:49:32 | ControlFlowNode for Attribute() | Gate: 'measure' on qubit 1 is followed by gate: 'cx'. |
| concept_reset_gate.py:51:5:51:37 | ControlFlowNode for Attribute() | concept_reset_gate.py:51:5:51:37 | ControlFlowNode for Attribute() | Gate: 'measure' on qubit 1 is followed by gate: 'measure'. |
| concept_reset_gate.py:51:5:51:37 | ControlFlowNode for Attribute() | concept_reset_gate.py:53:5:53:23 | ControlFlowNode for Attribute() | Gate: 'measure' on qubit 1 is followed by gate: 'reset'. |
| concept_reset_gate.py:53:5:53:23 | ControlFlowNode for Attribute() | concept_reset_gate.py:48:5:48:22 | ControlFlowNode for Attribute() | Gate: 'reset' on qubit 2 is followed by gate: 'x'. |
| concept_reset_gate.py:53:5:53:23 | ControlFlowNode for Attribute() | concept_reset_gate.py:49:5:49:32 | ControlFlowNode for Attribute() | Gate: 'reset' on qubit 1 is followed by gate: 'cx'. |
| concept_reset_gate.py:53:5:53:23 | ControlFlowNode for Attribute() | concept_reset_gate.py:49:5:49:32 | ControlFlowNode for Attribute() | Gate: 'reset' on qubit 2 is followed by gate: 'cx'. |
| concept_reset_gate.py:53:5:53:23 | ControlFlowNode for Attribute() | concept_reset_gate.py:50:5:50:37 | ControlFlowNode for Attribute() | Gate: 'reset' on qubit 0 is followed by gate: 'measure'. |
| concept_reset_gate.py:53:5:53:23 | ControlFlowNode for Attribute() | concept_reset_gate.py:51:5:51:37 | ControlFlowNode for Attribute() | Gate: 'reset' on qubit 1 is followed by gate: 'measure'. |
| concept_reset_gate.py:53:5:53:23 | ControlFlowNode for Attribute() | concept_reset_gate.py:53:5:53:23 | ControlFlowNode for Attribute() | Gate: 'reset' on qubit 0 is followed by gate: 'reset'. |
| concept_reset_gate.py:53:5:53:23 | ControlFlowNode for Attribute() | concept_reset_gate.py:53:5:53:23 | ControlFlowNode for Attribute() | Gate: 'reset' on qubit 1 is followed by gate: 'reset'. |
| concept_reset_gate.py:53:5:53:23 | ControlFlowNode for Attribute() | concept_reset_gate.py:53:5:53:23 | ControlFlowNode for Attribute() | Gate: 'reset' on qubit 2 is followed by gate: 'reset'. |
| pred_is_applied_after.py:9:1:9:10 | ControlFlowNode for Attribute() | pred_is_applied_after.py:10:1:10:17 | ControlFlowNode for Attribute() | Gate: 'h' on qubit 0 is followed by gate: 'cx'. |
| pred_is_applied_after.py:15:1:15:13 | ControlFlowNode for Attribute() | pred_is_applied_after.py:16:1:16:17 | ControlFlowNode for Attribute() | Gate: 's' on qubit 0 is followed by gate: 'cx'. |
| pred_is_applied_after.py:16:1:16:17 | ControlFlowNode for Attribute() | pred_is_applied_after.py:17:1:17:17 | ControlFlowNode for Attribute() | Gate: 'cx' on qubit 1 is followed by gate: 'cx'. |
| pred_is_applied_after.py:17:1:17:17 | ControlFlowNode for Attribute() | pred_is_applied_after.py:18:1:18:17 | ControlFlowNode for Attribute() | Gate: 'cx' on qubit 2 is followed by gate: 'cx'. |
| pred_is_applied_after.py:18:1:18:17 | ControlFlowNode for Attribute() | pred_is_applied_after.py:19:1:19:13 | ControlFlowNode for Attribute() | Gate: 'cx' on qubit 3 is followed by gate: 't'. |
| pred_is_applied_after.py:43:1:43:16 | ControlFlowNode for Attribute() | pred_is_applied_after.py:44:1:44:18 | ControlFlowNode for Attribute() | Gate: 'measure' on qubit 2 is followed by gate: 'h'. |
