| concept_reset_gate.py:10:1:10:22 | ControlFlowNode for Attribute() | concept_reset_gate.py:12:1:12:17 | ControlFlowNode for Attribute() | Gate: 'measure' on qubit 0 is followed by gate: 'reset'. |
| concept_reset_gate.py:10:1:10:22 | ControlFlowNode for Attribute() | concept_reset_gate.py:14:1:14:13 | ControlFlowNode for Attribute() | Gate: 'measure' on qubit 0 is followed by gate: 'h'. |
| concept_reset_gate.py:11:1:11:22 | ControlFlowNode for Attribute() | concept_reset_gate.py:13:1:13:17 | ControlFlowNode for Attribute() | Gate: 'measure' on qubit 1 is followed by gate: 'reset'. |
| concept_reset_gate.py:24:1:24:22 | ControlFlowNode for Attribute() | concept_reset_gate.py:26:1:26:13 | ControlFlowNode for Attribute() | Gate: 'measure' on qubit 0 is followed by gate: 'h'. |
| concept_reset_gate.py:36:5:36:28 | ControlFlowNode for Attribute() | concept_reset_gate.py:36:5:36:28 | ControlFlowNode for Attribute() | Gate: 'measure' on qubit 0 is followed by gate: 'measure'. |
| concept_reset_gate.py:36:5:36:28 | ControlFlowNode for Attribute() | concept_reset_gate.py:38:5:38:16 | ControlFlowNode for Attribute() | Gate: 'measure' on qubit 0 is followed by gate: 'reset'. |
| concept_reset_gate.py:37:5:37:28 | ControlFlowNode for Attribute() | concept_reset_gate.py:35:5:35:23 | ControlFlowNode for Attribute() | Gate: 'measure' on qubit 1 is followed by gate: 'cx'. |
| concept_reset_gate.py:37:5:37:28 | ControlFlowNode for Attribute() | concept_reset_gate.py:37:5:37:28 | ControlFlowNode for Attribute() | Gate: 'measure' on qubit 1 is followed by gate: 'measure'. |
| concept_reset_gate.py:37:5:37:28 | ControlFlowNode for Attribute() | concept_reset_gate.py:38:5:38:16 | ControlFlowNode for Attribute() | Gate: 'measure' on qubit 1 is followed by gate: 'reset'. |
| concept_reset_gate.py:50:5:50:37 | ControlFlowNode for Attribute() | concept_reset_gate.py:50:5:50:37 | ControlFlowNode for Attribute() | Gate: 'measure' on qubit 0 is followed by gate: 'measure'. |
| concept_reset_gate.py:50:5:50:37 | ControlFlowNode for Attribute() | concept_reset_gate.py:53:5:53:23 | ControlFlowNode for Attribute() | Gate: 'measure' on qubit 0 is followed by gate: 'reset'. |
| concept_reset_gate.py:51:5:51:37 | ControlFlowNode for Attribute() | concept_reset_gate.py:49:5:49:32 | ControlFlowNode for Attribute() | Gate: 'measure' on qubit 1 is followed by gate: 'cx'. |
| concept_reset_gate.py:51:5:51:37 | ControlFlowNode for Attribute() | concept_reset_gate.py:51:5:51:37 | ControlFlowNode for Attribute() | Gate: 'measure' on qubit 1 is followed by gate: 'measure'. |
| concept_reset_gate.py:51:5:51:37 | ControlFlowNode for Attribute() | concept_reset_gate.py:53:5:53:23 | ControlFlowNode for Attribute() | Gate: 'measure' on qubit 1 is followed by gate: 'reset'. |
