| QL100_1_code_with_bug.py:10:1:10:14 | ControlFlowNode for Attribute | measure_all used when a classical register is present | QL100_1_code_with_bug.py:6:6:6:25 | ControlFlowNode for QuantumCircuit() | quantum circuit | QL100_1_code_with_bug.py:5:5:5:24 | ControlFlowNode for ClassicalRegister() | classical register |
