| concept_circuit_parametrizable.py:9:6:9:22 | ControlFlowNode for QuantumCircuit() | Quantum Circuit 'qc' with 0 bits and 1 qubits |
| concept_circuit_parametrizable.py:20:10:20:26 | ControlFlowNode for QuantumCircuit() | Quantum Circuit 'qc' with 0 bits and 2 qubits |
| concept_circuit_parametrizable.py:27:6:27:23 | ControlFlowNode for unknown_api_call() | Quantum Circuit 'qc' with 0 bits and 0 qubits |
| concept_circuit_parametrizable.py:28:12:28:38 | ControlFlowNode for Attribute() | Quantum Circuit 'qc_bound' with 0 bits and 0 qubits |
| concept_circuit_parametrizable.py:32:10:32:32 | ControlFlowNode for EfficientSU2() | Quantum Circuit 'qc_su2' with 0 bits and 3 qubits |
| concept_circuit_parametrizable.py:35:11:35:35 | ControlFlowNode for RealAmplitudes() | Quantum Circuit 'qc_real' with 0 bits and 3 qubits |
| concept_circuit_parametrizable.py:38:9:38:46 | ControlFlowNode for TwoLocal() | Quantum Circuit 'qc_tl' with 0 bits and 3 qubits |
| concept_circuit_subcircuit.py:6:17:6:42 | ControlFlowNode for QuantumCircuit() | Quantum Circuit 'qc_subcircuit' with 3 bits and 3 qubits |
| concept_circuit_subcircuit.py:11:12:11:27 | ControlFlowNode for QuantumCircuit() | Quantum Circuit 'qc_macro' with 8 bits and 10 qubits |
| concept_circuit_subcircuit.py:17:12:17:26 | ControlFlowNode for Attribute() | Quantum Circuit 'qc_clone' with 8 bits and 10 qubits |
| concept_circuit_subcircuit.py:20:15:20:65 | ControlFlowNode for Attribute() | Quantum Circuit 'qc_composed' with 0 bits and 0 qubits |
| concept_circuit_subcircuit.py:32:10:32:29 | ControlFlowNode for QuantumCircuit() | Quantum Circuit 'qc' with 0 bits and 3 qubits |
| concept_circuit_subcircuit.py:44:10:44:29 | ControlFlowNode for QuantumCircuit() | Quantum Circuit 'qc' with 0 bits and 3 qubits |
| concept_circuit_subcircuit.py:48:17:48:36 | ControlFlowNode for QuantumCircuit() | Quantum Circuit 'qc_second' with 0 bits and 3 qubits |
| concept_circuit_subcircuit.py:53:32:53:50 | ControlFlowNode for create_subcircuit() | Quantum Circuit 'qc_subcircuit_via_subroutine' with 0 bits and 0 qubits |
| concept_circuit_subcircuit.py:56:29:56:58 | ControlFlowNode for crete_subcircuit_via_compose() | Quantum Circuit 'qc_subcircuit_via_compose' with 0 bits and 0 qubits |
| concept_circuit_transpile.py:5:11:5:30 | ControlFlowNode for QuantumCircuit() | Quantum Circuit 'circuit' with 1 bits and 1 qubits |
| concept_circuit_transpile.py:8:22:8:50 | ControlFlowNode for transpile() | Quantum Circuit 'transpiled_circuit' with 0 bits and 0 qubits |
| concept_subcircuit_as_gate_instr.py:4:12:4:28 | ControlFlowNode for QuantumCircuit() | Quantum Circuit 'qc_instr' with 0 bits and 3 qubits |
| concept_subcircuit_as_gate_instr.py:15:10:15:38 | ControlFlowNode for QuantumCircuit() | Quantum Circuit 'qc_maj' with 0 bits and 3 qubits |
| concept_subcircuit_as_gate_instr.py:22:11:22:30 | ControlFlowNode for QuantumCircuit() | Quantum Circuit 'main_qc' with 3 bits and 3 qubits |
| pred_circuit_gate.py:6:6:6:31 | ControlFlowNode for QuantumCircuit() | Quantum Circuit 'qc' with 8 bits and 8 qubits |
| pred_circuit_size.py:5:15:5:40 | ControlFlowNode for QuantumCircuit() | Quantum Circuit 'qc_only_reg' with 3 bits and 3 qubits |
| pred_circuit_size.py:7:20:7:39 | ControlFlowNode for QuantumCircuit() | Quantum Circuit 'qc_only_integers' with 1 bits and 2 qubits |
| pred_circuit_size.py:11:19:11:34 | ControlFlowNode for QuantumCircuit() | Quantum Circuit 'qc_add_register' with 8 bits and 10 qubits |
| pred_circuit_size.py:15:22:15:53 | ControlFlowNode for QuantumCircuit() | Quantum Circuit 'qc_multi_registers' with 11 bits and 13 qubits |
