| concept_circuit_parametrizable.py:32:10:32:32 | ControlFlowNode for EfficientSU2() | Builtin Parametrized Circuit: 'qc_su2' |
| concept_circuit_parametrizable.py:35:11:35:35 | ControlFlowNode for RealAmplitudes() | Builtin Parametrized Circuit: 'qc_real' |
| concept_circuit_parametrizable.py:38:9:38:46 | ControlFlowNode for TwoLocal() | Builtin Parametrized Circuit: 'qc_tl' |
