| concept_complex_bit_use.py:37:20:37:20 | ControlFlowNode for IntegerLiteral | but use : circuit: qc - reg: anonymous register - index: 1 - gate: HGate |
| concept_gate_specification.py:49:27:49:27 | ControlFlowNode for IntegerLiteral | but use : circuit: qc - reg: anonymous register - index: 0 - gate: XGate |
| concept_gate_specification.py:50:27:50:27 | ControlFlowNode for IntegerLiteral | but use : circuit: qc - reg: anonymous register - index: 1 - gate: YGate |
| concept_gate_specification.py:51:27:51:27 | ControlFlowNode for IntegerLiteral | but use : circuit: qc - reg: anonymous register - index: 2 - gate: ZGate |
| concept_gate_specification.py:52:27:52:27 | ControlFlowNode for IntegerLiteral | but use : circuit: qc - reg: anonymous register - index: 3 - gate: HGate |
| concept_gate_specification.py:53:27:53:27 | ControlFlowNode for IntegerLiteral | but use : circuit: qc - reg: anonymous register - index: 4 - gate: SGate |
| concept_gate_specification.py:54:29:54:29 | ControlFlowNode for IntegerLiteral | but use : circuit: qc - reg: anonymous register - index: 5 - gate: SdgGate |
| concept_gate_specification.py:55:27:55:27 | ControlFlowNode for IntegerLiteral | but use : circuit: qc - reg: anonymous register - index: 6 - gate: TGate |
| concept_gate_specification.py:56:29:56:29 | ControlFlowNode for IntegerLiteral | but use : circuit: qc - reg: anonymous register - index: 7 - gate: TdgGate |
| concept_gate_specification.py:57:37:57:37 | ControlFlowNode for IntegerLiteral | but use : circuit: qc - reg: anonymous register - index: 0 - gate: RXGate |
| concept_gate_specification.py:58:31:58:31 | ControlFlowNode for IntegerLiteral | but use : circuit: qc - reg: anonymous register - index: 1 - gate: RYGate |
| concept_gate_specification.py:59:29:59:29 | ControlFlowNode for IntegerLiteral | but use : circuit: qc - reg: anonymous register - index: 2 - gate: RZGate |
| concept_gate_specification.py:63:28:63:34 | ControlFlowNode for Subscript | but use : circuit: qc - reg: qreg - index: 0 - gate: CXGate |
| concept_gate_specification.py:63:37:63:43 | ControlFlowNode for Subscript | but use : circuit: qc - reg: qreg - index: 1 - gate: CXGate |
| concept_gate_specification.py:64:28:64:34 | ControlFlowNode for Subscript | but use : circuit: qc - reg: qreg - index: 1 - gate: CYGate |
| concept_gate_specification.py:64:37:64:43 | ControlFlowNode for Subscript | but use : circuit: qc - reg: qreg - index: 2 - gate: CYGate |
| concept_gate_specification.py:65:28:65:34 | ControlFlowNode for Subscript | but use : circuit: qc - reg: qreg - index: 2 - gate: CZGate |
| concept_gate_specification.py:65:37:65:43 | ControlFlowNode for Subscript | but use : circuit: qc - reg: qreg - index: 3 - gate: CZGate |
| concept_gate_specification.py:66:28:66:28 | ControlFlowNode for IntegerLiteral | but use : circuit: qc - reg: anonymous register - index: 3 - gate: CHGate |
| concept_gate_specification.py:66:31:66:31 | ControlFlowNode for IntegerLiteral | but use : circuit: qc - reg: anonymous register - index: 4 - gate: CHGate |
