| CHGate | gate specification: CHGate - name qubit: control_qubit - index qubit: 0 |
| CHGate | gate specification: CHGate - name qubit: control_qubit - index qubit: 1 |
| CHGate | gate specification: CHGate - name qubit: target_qubit - index qubit: 0 |
| CHGate | gate specification: CHGate - name qubit: target_qubit - index qubit: 1 |
| CXGate | gate specification: CXGate - name qubit: control_qubit - index qubit: 0 |
| CXGate | gate specification: CXGate - name qubit: control_qubit - index qubit: 1 |
| CXGate | gate specification: CXGate - name qubit: target_qubit - index qubit: 0 |
| CXGate | gate specification: CXGate - name qubit: target_qubit - index qubit: 1 |
| CYGate | gate specification: CYGate - name qubit: control_qubit - index qubit: 0 |
| CYGate | gate specification: CYGate - name qubit: control_qubit - index qubit: 1 |
| CYGate | gate specification: CYGate - name qubit: target_qubit - index qubit: 0 |
| CYGate | gate specification: CYGate - name qubit: target_qubit - index qubit: 1 |
| CZGate | gate specification: CZGate - name qubit: control_qubit - index qubit: 0 |
| CZGate | gate specification: CZGate - name qubit: control_qubit - index qubit: 1 |
| CZGate | gate specification: CZGate - name qubit: target_qubit - index qubit: 0 |
| CZGate | gate specification: CZGate - name qubit: target_qubit - index qubit: 1 |
| HGate | gate specification: HGate - name qubit: qubit - index qubit: 0 |
| IGate | gate specification: IGate - name qubit: qubit - index qubit: 0 |
| RVGate | gate specification: RVGate - name qubit: qubit - index qubit: 3 |
| RXGate | gate specification: RXGate - name qubit: qubit - index qubit: 1 |
| RYGate | gate specification: RYGate - name qubit: qubit - index qubit: 1 |
| RZGate | gate specification: RZGate - name qubit: qubit - index qubit: 1 |
| SGate | gate specification: SGate - name qubit: qubit - index qubit: 0 |
| SXGate | gate specification: SXGate - name qubit: qubit - index qubit: 0 |
| SdgGate | gate specification: SdgGate - name qubit: qubit - index qubit: 0 |
| TGate | gate specification: TGate - name qubit: qubit - index qubit: 0 |
| TdgGate | gate specification: TdgGate - name qubit: qubit - index qubit: 0 |
| XGate | gate specification: XGate - name qubit: qubit - index qubit: 0 |
| YGate | gate specification: YGate - name qubit: qubit - index qubit: 0 |
| ZGate | gate specification: ZGate - name qubit: qubit - index qubit: 0 |
| ch | gate specification: ch - name qubit: control_qubit - index qubit: 0 |
| ch | gate specification: ch - name qubit: control_qubit - index qubit: 1 |
| ch | gate specification: ch - name qubit: target_qubit - index qubit: 0 |
| ch | gate specification: ch - name qubit: target_qubit - index qubit: 1 |
| cnot | gate specification: cnot - name qubit: control_qubit - index qubit: 0 |
| cnot | gate specification: cnot - name qubit: control_qubit - index qubit: 1 |
| cnot | gate specification: cnot - name qubit: target_qubit - index qubit: 0 |
| cnot | gate specification: cnot - name qubit: target_qubit - index qubit: 1 |
| cx | gate specification: cx - name qubit: control_qubit - index qubit: 0 |
| cx | gate specification: cx - name qubit: control_qubit - index qubit: 1 |
| cx | gate specification: cx - name qubit: target_qubit - index qubit: 0 |
| cx | gate specification: cx - name qubit: target_qubit - index qubit: 1 |
| cy | gate specification: cy - name qubit: control_qubit - index qubit: 0 |
| cy | gate specification: cy - name qubit: control_qubit - index qubit: 1 |
| cy | gate specification: cy - name qubit: target_qubit - index qubit: 0 |
| cy | gate specification: cy - name qubit: target_qubit - index qubit: 1 |
| cz | gate specification: cz - name qubit: control_qubit - index qubit: 0 |
| cz | gate specification: cz - name qubit: control_qubit - index qubit: 1 |
| cz | gate specification: cz - name qubit: target_qubit - index qubit: 0 |
| cz | gate specification: cz - name qubit: target_qubit - index qubit: 1 |
| h | gate specification: h - name qubit: qubit - index qubit: 0 |
| i | gate specification: i - name qubit: qubit - index qubit: 0 |
| id | gate specification: id - name qubit: qubit - index qubit: 0 |
| rv | gate specification: rv - name qubit: qubit - index qubit: 3 |
| rx | gate specification: rx - name qubit: qubit - index qubit: 1 |
| ry | gate specification: ry - name qubit: qubit - index qubit: 1 |
| rz | gate specification: rz - name qubit: qubit - index qubit: 1 |
| s | gate specification: s - name qubit: qubit - index qubit: 0 |
| sdg | gate specification: sdg - name qubit: qubit - index qubit: 0 |
| sx | gate specification: sx - name qubit: qubit - index qubit: 0 |
| t | gate specification: t - name qubit: qubit - index qubit: 0 |
| tdg | gate specification: tdg - name qubit: qubit - index qubit: 0 |
| x | gate specification: x - name qubit: qubit - index qubit: 0 |
| y | gate specification: y - name qubit: qubit - index qubit: 0 |
| z | gate specification: z - name qubit: qubit - index qubit: 0 |
