| CCXGate | Operator specification: CCXGate - name qubit: control_qubit1 - index qubit: 0 |
| CCXGate | Operator specification: CCXGate - name qubit: control_qubit1 - index qubit: 1 |
| CCXGate | Operator specification: CCXGate - name qubit: control_qubit1 - index qubit: 2 |
| CCXGate | Operator specification: CCXGate - name qubit: control_qubit2 - index qubit: 0 |
| CCXGate | Operator specification: CCXGate - name qubit: control_qubit2 - index qubit: 1 |
| CCXGate | Operator specification: CCXGate - name qubit: control_qubit2 - index qubit: 2 |
| CCXGate | Operator specification: CCXGate - name qubit: target_qubit - index qubit: 0 |
| CCXGate | Operator specification: CCXGate - name qubit: target_qubit - index qubit: 1 |
| CCXGate | Operator specification: CCXGate - name qubit: target_qubit - index qubit: 2 |
| CCZGate | Operator specification: CCZGate - name qubit: control_qubit1 - index qubit: 0 |
| CCZGate | Operator specification: CCZGate - name qubit: control_qubit1 - index qubit: 1 |
| CCZGate | Operator specification: CCZGate - name qubit: control_qubit1 - index qubit: 2 |
| CCZGate | Operator specification: CCZGate - name qubit: control_qubit2 - index qubit: 0 |
| CCZGate | Operator specification: CCZGate - name qubit: control_qubit2 - index qubit: 1 |
| CCZGate | Operator specification: CCZGate - name qubit: control_qubit2 - index qubit: 2 |
| CCZGate | Operator specification: CCZGate - name qubit: target_qubit - index qubit: 0 |
| CCZGate | Operator specification: CCZGate - name qubit: target_qubit - index qubit: 1 |
| CCZGate | Operator specification: CCZGate - name qubit: target_qubit - index qubit: 2 |
| CHGate | Operator specification: CHGate - name qubit: control_qubit - index qubit: 0 |
| CHGate | Operator specification: CHGate - name qubit: control_qubit - index qubit: 1 |
| CHGate | Operator specification: CHGate - name qubit: target_qubit - index qubit: 0 |
| CHGate | Operator specification: CHGate - name qubit: target_qubit - index qubit: 1 |
| CPhaseGate | Operator specification: CPhaseGate - name qubit: control_qubit - index qubit: 1 |
| CPhaseGate | Operator specification: CPhaseGate - name qubit: control_qubit - index qubit: 2 |
| CPhaseGate | Operator specification: CPhaseGate - name qubit: target_qubit - index qubit: 1 |
| CPhaseGate | Operator specification: CPhaseGate - name qubit: target_qubit - index qubit: 2 |
| CRXGate | Operator specification: CRXGate - name qubit: control_qubit - index qubit: 1 |
| CRXGate | Operator specification: CRXGate - name qubit: control_qubit - index qubit: 2 |
| CRXGate | Operator specification: CRXGate - name qubit: target_qubit - index qubit: 1 |
| CRXGate | Operator specification: CRXGate - name qubit: target_qubit - index qubit: 2 |
| CRYGate | Operator specification: CRYGate - name qubit: control_qubit - index qubit: 1 |
| CRYGate | Operator specification: CRYGate - name qubit: control_qubit - index qubit: 2 |
| CRYGate | Operator specification: CRYGate - name qubit: target_qubit - index qubit: 1 |
| CRYGate | Operator specification: CRYGate - name qubit: target_qubit - index qubit: 2 |
| CRZGate | Operator specification: CRZGate - name qubit: control_qubit - index qubit: 1 |
| CRZGate | Operator specification: CRZGate - name qubit: control_qubit - index qubit: 2 |
| CRZGate | Operator specification: CRZGate - name qubit: target_qubit - index qubit: 1 |
| CRZGate | Operator specification: CRZGate - name qubit: target_qubit - index qubit: 2 |
| CSGate | Operator specification: CSGate - name qubit: control_qubit - index qubit: 0 |
| CSGate | Operator specification: CSGate - name qubit: control_qubit - index qubit: 1 |
| CSGate | Operator specification: CSGate - name qubit: target_qubit - index qubit: 0 |
| CSGate | Operator specification: CSGate - name qubit: target_qubit - index qubit: 1 |
| CSXGate | Operator specification: CSXGate - name qubit: control_qubit - index qubit: 0 |
| CSXGate | Operator specification: CSXGate - name qubit: control_qubit - index qubit: 1 |
| CSXGate | Operator specification: CSXGate - name qubit: target_qubit - index qubit: 0 |
| CSXGate | Operator specification: CSXGate - name qubit: target_qubit - index qubit: 1 |
| CSdgGate | Operator specification: CSdgGate - name qubit: control_qubit - index qubit: 0 |
| CSdgGate | Operator specification: CSdgGate - name qubit: control_qubit - index qubit: 1 |
| CSdgGate | Operator specification: CSdgGate - name qubit: target_qubit - index qubit: 0 |
| CSdgGate | Operator specification: CSdgGate - name qubit: target_qubit - index qubit: 1 |
| CSwapGate | Operator specification: CSwapGate - name qubit: control_qubit - index qubit: 0 |
| CSwapGate | Operator specification: CSwapGate - name qubit: control_qubit - index qubit: 1 |
| CSwapGate | Operator specification: CSwapGate - name qubit: control_qubit - index qubit: 2 |
| CSwapGate | Operator specification: CSwapGate - name qubit: target_qubit1 - index qubit: 0 |
| CSwapGate | Operator specification: CSwapGate - name qubit: target_qubit1 - index qubit: 1 |
| CSwapGate | Operator specification: CSwapGate - name qubit: target_qubit1 - index qubit: 2 |
| CSwapGate | Operator specification: CSwapGate - name qubit: target_qubit2 - index qubit: 0 |
| CSwapGate | Operator specification: CSwapGate - name qubit: target_qubit2 - index qubit: 1 |
| CSwapGate | Operator specification: CSwapGate - name qubit: target_qubit2 - index qubit: 2 |
| CU1Gate | Operator specification: CU1Gate - name qubit: control_qubit - index qubit: 1 |
| CU1Gate | Operator specification: CU1Gate - name qubit: control_qubit - index qubit: 2 |
| CU1Gate | Operator specification: CU1Gate - name qubit: target_qubit - index qubit: 1 |
| CU1Gate | Operator specification: CU1Gate - name qubit: target_qubit - index qubit: 2 |
| CU3Gate | Operator specification: CU3Gate - name qubit: control_qubit - index qubit: 3 |
| CU3Gate | Operator specification: CU3Gate - name qubit: control_qubit - index qubit: 4 |
| CU3Gate | Operator specification: CU3Gate - name qubit: target_qubit - index qubit: 3 |
| CU3Gate | Operator specification: CU3Gate - name qubit: target_qubit - index qubit: 4 |
| CXGate | Operator specification: CXGate - name qubit: control_qubit - index qubit: 0 |
| CXGate | Operator specification: CXGate - name qubit: control_qubit - index qubit: 1 |
| CXGate | Operator specification: CXGate - name qubit: target_qubit - index qubit: 0 |
| CXGate | Operator specification: CXGate - name qubit: target_qubit - index qubit: 1 |
| CYGate | Operator specification: CYGate - name qubit: control_qubit - index qubit: 0 |
| CYGate | Operator specification: CYGate - name qubit: control_qubit - index qubit: 1 |
| CYGate | Operator specification: CYGate - name qubit: target_qubit - index qubit: 0 |
| CYGate | Operator specification: CYGate - name qubit: target_qubit - index qubit: 1 |
| CZGate | Operator specification: CZGate - name qubit: control_qubit - index qubit: 0 |
| CZGate | Operator specification: CZGate - name qubit: control_qubit - index qubit: 1 |
| CZGate | Operator specification: CZGate - name qubit: target_qubit - index qubit: 0 |
| CZGate | Operator specification: CZGate - name qubit: target_qubit - index qubit: 1 |
| HGate | Operator specification: HGate - name qubit: qubit - index qubit: 0 |
| IGate | Operator specification: IGate - name qubit: qubit - index qubit: 0 |
| Measure | Operator specification: Measure - name qubit: qubit - index qubit: 0 |
| PhaseGate | Operator specification: PhaseGate - name qubit: qubit - index qubit: 1 |
| RVGate | Operator specification: RVGate - name qubit: qubit - index qubit: 3 |
| RXGate | Operator specification: RXGate - name qubit: qubit - index qubit: 1 |
| RXXGate | Operator specification: RXXGate - name qubit: qubit1 - index qubit: 1 |
| RXXGate | Operator specification: RXXGate - name qubit: qubit1 - index qubit: 2 |
| RXXGate | Operator specification: RXXGate - name qubit: qubit2 - index qubit: 1 |
| RXXGate | Operator specification: RXXGate - name qubit: qubit2 - index qubit: 2 |
| RYGate | Operator specification: RYGate - name qubit: qubit - index qubit: 1 |
| RYYGate | Operator specification: RYYGate - name qubit: qubit1 - index qubit: 1 |
| RYYGate | Operator specification: RYYGate - name qubit: qubit1 - index qubit: 2 |
| RYYGate | Operator specification: RYYGate - name qubit: qubit2 - index qubit: 1 |
| RYYGate | Operator specification: RYYGate - name qubit: qubit2 - index qubit: 2 |
| RZGate | Operator specification: RZGate - name qubit: qubit - index qubit: 1 |
| RZXGate | Operator specification: RZXGate - name qubit: qubit1 - index qubit: 1 |
| RZXGate | Operator specification: RZXGate - name qubit: qubit1 - index qubit: 2 |
| RZXGate | Operator specification: RZXGate - name qubit: qubit2 - index qubit: 1 |
| RZXGate | Operator specification: RZXGate - name qubit: qubit2 - index qubit: 2 |
| RZZGate | Operator specification: RZZGate - name qubit: qubit1 - index qubit: 1 |
| RZZGate | Operator specification: RZZGate - name qubit: qubit1 - index qubit: 2 |
| RZZGate | Operator specification: RZZGate - name qubit: qubit2 - index qubit: 1 |
| RZZGate | Operator specification: RZZGate - name qubit: qubit2 - index qubit: 2 |
| Reset | Operator specification: Reset - name qubit: qubit - index qubit: 0 |
| SGate | Operator specification: SGate - name qubit: qubit - index qubit: 0 |
| SXGate | Operator specification: SXGate - name qubit: qubit - index qubit: 0 |
| SdgGate | Operator specification: SdgGate - name qubit: qubit - index qubit: 0 |
| SwapGate | Operator specification: SwapGate - name qubit: qubit1 - index qubit: 0 |
| SwapGate | Operator specification: SwapGate - name qubit: qubit1 - index qubit: 1 |
| SwapGate | Operator specification: SwapGate - name qubit: qubit2 - index qubit: 0 |
| SwapGate | Operator specification: SwapGate - name qubit: qubit2 - index qubit: 1 |
| TGate | Operator specification: TGate - name qubit: qubit - index qubit: 0 |
| TdgGate | Operator specification: TdgGate - name qubit: qubit - index qubit: 0 |
| U1Gate | Operator specification: U1Gate - name qubit: qubit - index qubit: 1 |
| U2Gate | Operator specification: U2Gate - name qubit: qubit - index qubit: 2 |
| U3Gate | Operator specification: U3Gate - name qubit: qubit - index qubit: 3 |
| XGate | Operator specification: XGate - name qubit: qubit - index qubit: 0 |
| YGate | Operator specification: YGate - name qubit: qubit - index qubit: 0 |
| ZGate | Operator specification: ZGate - name qubit: qubit - index qubit: 0 |
| ccx | Operator specification: ccx - name qubit: control_qubit1 - index qubit: 0 |
| ccx | Operator specification: ccx - name qubit: control_qubit1 - index qubit: 1 |
| ccx | Operator specification: ccx - name qubit: control_qubit1 - index qubit: 2 |
| ccx | Operator specification: ccx - name qubit: control_qubit2 - index qubit: 0 |
| ccx | Operator specification: ccx - name qubit: control_qubit2 - index qubit: 1 |
| ccx | Operator specification: ccx - name qubit: control_qubit2 - index qubit: 2 |
| ccx | Operator specification: ccx - name qubit: target_qubit - index qubit: 0 |
| ccx | Operator specification: ccx - name qubit: target_qubit - index qubit: 1 |
| ccx | Operator specification: ccx - name qubit: target_qubit - index qubit: 2 |
| ccz | Operator specification: ccz - name qubit: control_qubit1 - index qubit: 0 |
| ccz | Operator specification: ccz - name qubit: control_qubit1 - index qubit: 1 |
| ccz | Operator specification: ccz - name qubit: control_qubit1 - index qubit: 2 |
| ccz | Operator specification: ccz - name qubit: control_qubit2 - index qubit: 0 |
| ccz | Operator specification: ccz - name qubit: control_qubit2 - index qubit: 1 |
| ccz | Operator specification: ccz - name qubit: control_qubit2 - index qubit: 2 |
| ccz | Operator specification: ccz - name qubit: target_qubit - index qubit: 0 |
| ccz | Operator specification: ccz - name qubit: target_qubit - index qubit: 1 |
| ccz | Operator specification: ccz - name qubit: target_qubit - index qubit: 2 |
| ch | Operator specification: ch - name qubit: control_qubit - index qubit: 0 |
| ch | Operator specification: ch - name qubit: control_qubit - index qubit: 1 |
| ch | Operator specification: ch - name qubit: target_qubit - index qubit: 0 |
| ch | Operator specification: ch - name qubit: target_qubit - index qubit: 1 |
| cnot | Operator specification: cnot - name qubit: control_qubit - index qubit: 0 |
| cnot | Operator specification: cnot - name qubit: control_qubit - index qubit: 1 |
| cnot | Operator specification: cnot - name qubit: target_qubit - index qubit: 0 |
| cnot | Operator specification: cnot - name qubit: target_qubit - index qubit: 1 |
| cp | Operator specification: cp - name qubit: control_qubit - index qubit: 1 |
| cp | Operator specification: cp - name qubit: control_qubit - index qubit: 2 |
| cp | Operator specification: cp - name qubit: target_qubit - index qubit: 1 |
| cp | Operator specification: cp - name qubit: target_qubit - index qubit: 2 |
| crx | Operator specification: crx - name qubit: control_qubit - index qubit: 1 |
| crx | Operator specification: crx - name qubit: control_qubit - index qubit: 2 |
| crx | Operator specification: crx - name qubit: target_qubit - index qubit: 1 |
| crx | Operator specification: crx - name qubit: target_qubit - index qubit: 2 |
| cry | Operator specification: cry - name qubit: control_qubit - index qubit: 1 |
| cry | Operator specification: cry - name qubit: control_qubit - index qubit: 2 |
| cry | Operator specification: cry - name qubit: target_qubit - index qubit: 1 |
| cry | Operator specification: cry - name qubit: target_qubit - index qubit: 2 |
| crz | Operator specification: crz - name qubit: control_qubit - index qubit: 1 |
| crz | Operator specification: crz - name qubit: control_qubit - index qubit: 2 |
| crz | Operator specification: crz - name qubit: target_qubit - index qubit: 1 |
| crz | Operator specification: crz - name qubit: target_qubit - index qubit: 2 |
| cs | Operator specification: cs - name qubit: control_qubit - index qubit: 0 |
| cs | Operator specification: cs - name qubit: control_qubit - index qubit: 1 |
| cs | Operator specification: cs - name qubit: target_qubit - index qubit: 0 |
| cs | Operator specification: cs - name qubit: target_qubit - index qubit: 1 |
| csdg | Operator specification: csdg - name qubit: control_qubit - index qubit: 0 |
| csdg | Operator specification: csdg - name qubit: control_qubit - index qubit: 1 |
| csdg | Operator specification: csdg - name qubit: target_qubit - index qubit: 0 |
| csdg | Operator specification: csdg - name qubit: target_qubit - index qubit: 1 |
| cswap | Operator specification: cswap - name qubit: control_qubit - index qubit: 0 |
| cswap | Operator specification: cswap - name qubit: control_qubit - index qubit: 1 |
| cswap | Operator specification: cswap - name qubit: control_qubit - index qubit: 2 |
| cswap | Operator specification: cswap - name qubit: target_qubit1 - index qubit: 0 |
| cswap | Operator specification: cswap - name qubit: target_qubit1 - index qubit: 1 |
| cswap | Operator specification: cswap - name qubit: target_qubit1 - index qubit: 2 |
| cswap | Operator specification: cswap - name qubit: target_qubit2 - index qubit: 0 |
| cswap | Operator specification: cswap - name qubit: target_qubit2 - index qubit: 1 |
| cswap | Operator specification: cswap - name qubit: target_qubit2 - index qubit: 2 |
| csx | Operator specification: csx - name qubit: control_qubit - index qubit: 0 |
| csx | Operator specification: csx - name qubit: control_qubit - index qubit: 1 |
| csx | Operator specification: csx - name qubit: target_qubit - index qubit: 0 |
| csx | Operator specification: csx - name qubit: target_qubit - index qubit: 1 |
| cu | Operator specification: cu - name qubit: control_qubit - index qubit: 4 |
| cu | Operator specification: cu - name qubit: control_qubit - index qubit: 5 |
| cu | Operator specification: cu - name qubit: target_qubit - index qubit: 4 |
| cu | Operator specification: cu - name qubit: target_qubit - index qubit: 5 |
| cu1 | Operator specification: cu1 - name qubit: control_qubit - index qubit: 1 |
| cu1 | Operator specification: cu1 - name qubit: control_qubit - index qubit: 2 |
| cu1 | Operator specification: cu1 - name qubit: target_qubit - index qubit: 1 |
| cu1 | Operator specification: cu1 - name qubit: target_qubit - index qubit: 2 |
| cu3 | Operator specification: cu3 - name qubit: control_qubit - index qubit: 3 |
| cu3 | Operator specification: cu3 - name qubit: control_qubit - index qubit: 4 |
| cu3 | Operator specification: cu3 - name qubit: target_qubit - index qubit: 3 |
| cu3 | Operator specification: cu3 - name qubit: target_qubit - index qubit: 4 |
| cx | Operator specification: cx - name qubit: control_qubit - index qubit: 0 |
| cx | Operator specification: cx - name qubit: control_qubit - index qubit: 1 |
| cx | Operator specification: cx - name qubit: target_qubit - index qubit: 0 |
| cx | Operator specification: cx - name qubit: target_qubit - index qubit: 1 |
| cy | Operator specification: cy - name qubit: control_qubit - index qubit: 0 |
| cy | Operator specification: cy - name qubit: control_qubit - index qubit: 1 |
| cy | Operator specification: cy - name qubit: target_qubit - index qubit: 0 |
| cy | Operator specification: cy - name qubit: target_qubit - index qubit: 1 |
| cz | Operator specification: cz - name qubit: control_qubit - index qubit: 0 |
| cz | Operator specification: cz - name qubit: control_qubit - index qubit: 1 |
| cz | Operator specification: cz - name qubit: target_qubit - index qubit: 0 |
| cz | Operator specification: cz - name qubit: target_qubit - index qubit: 1 |
| fredkin | Operator specification: fredkin - name qubit: control_qubit - index qubit: 0 |
| fredkin | Operator specification: fredkin - name qubit: control_qubit - index qubit: 1 |
| fredkin | Operator specification: fredkin - name qubit: control_qubit - index qubit: 2 |
| fredkin | Operator specification: fredkin - name qubit: target_qubit1 - index qubit: 0 |
| fredkin | Operator specification: fredkin - name qubit: target_qubit1 - index qubit: 1 |
| fredkin | Operator specification: fredkin - name qubit: target_qubit1 - index qubit: 2 |
| fredkin | Operator specification: fredkin - name qubit: target_qubit2 - index qubit: 0 |
| fredkin | Operator specification: fredkin - name qubit: target_qubit2 - index qubit: 1 |
| fredkin | Operator specification: fredkin - name qubit: target_qubit2 - index qubit: 2 |
| h | Operator specification: h - name qubit: qubit - index qubit: 0 |
| i | Operator specification: i - name qubit: qubit - index qubit: 0 |
| iSwapGate | Operator specification: iSwapGate - name qubit: qubit1 - index qubit: 0 |
| iSwapGate | Operator specification: iSwapGate - name qubit: qubit1 - index qubit: 1 |
| iSwapGate | Operator specification: iSwapGate - name qubit: qubit2 - index qubit: 0 |
| iSwapGate | Operator specification: iSwapGate - name qubit: qubit2 - index qubit: 1 |
| id | Operator specification: id - name qubit: qubit - index qubit: 0 |
| iden | Operator specification: iden - name qubit: qubit - index qubit: 0 |
| iswap | Operator specification: iswap - name qubit: qubit1 - index qubit: 0 |
| iswap | Operator specification: iswap - name qubit: qubit1 - index qubit: 1 |
| iswap | Operator specification: iswap - name qubit: qubit2 - index qubit: 0 |
| iswap | Operator specification: iswap - name qubit: qubit2 - index qubit: 1 |
| measure | Operator specification: measure - name qubit: qubit - index qubit: 0 |
| p | Operator specification: p - name qubit: qubit - index qubit: 1 |
| reset | Operator specification: reset - name qubit: qubit - index qubit: 0 |
| rv | Operator specification: rv - name qubit: qubit - index qubit: 3 |
| rx | Operator specification: rx - name qubit: qubit - index qubit: 1 |
| rxx | Operator specification: rxx - name qubit: qubit1 - index qubit: 1 |
| rxx | Operator specification: rxx - name qubit: qubit1 - index qubit: 2 |
| rxx | Operator specification: rxx - name qubit: qubit2 - index qubit: 1 |
| rxx | Operator specification: rxx - name qubit: qubit2 - index qubit: 2 |
| ry | Operator specification: ry - name qubit: qubit - index qubit: 1 |
| ryy | Operator specification: ryy - name qubit: qubit1 - index qubit: 1 |
| ryy | Operator specification: ryy - name qubit: qubit1 - index qubit: 2 |
| ryy | Operator specification: ryy - name qubit: qubit2 - index qubit: 1 |
| ryy | Operator specification: ryy - name qubit: qubit2 - index qubit: 2 |
| rz | Operator specification: rz - name qubit: qubit - index qubit: 1 |
| rzx | Operator specification: rzx - name qubit: qubit1 - index qubit: 1 |
| rzx | Operator specification: rzx - name qubit: qubit1 - index qubit: 2 |
| rzx | Operator specification: rzx - name qubit: qubit2 - index qubit: 1 |
| rzx | Operator specification: rzx - name qubit: qubit2 - index qubit: 2 |
| rzz | Operator specification: rzz - name qubit: qubit1 - index qubit: 1 |
| rzz | Operator specification: rzz - name qubit: qubit1 - index qubit: 2 |
| rzz | Operator specification: rzz - name qubit: qubit2 - index qubit: 1 |
| rzz | Operator specification: rzz - name qubit: qubit2 - index qubit: 2 |
| s | Operator specification: s - name qubit: qubit - index qubit: 0 |
| sdg | Operator specification: sdg - name qubit: qubit - index qubit: 0 |
| swap | Operator specification: swap - name qubit: qubit1 - index qubit: 0 |
| swap | Operator specification: swap - name qubit: qubit1 - index qubit: 1 |
| swap | Operator specification: swap - name qubit: qubit2 - index qubit: 0 |
| swap | Operator specification: swap - name qubit: qubit2 - index qubit: 1 |
| sx | Operator specification: sx - name qubit: qubit - index qubit: 0 |
| t | Operator specification: t - name qubit: qubit - index qubit: 0 |
| tdg | Operator specification: tdg - name qubit: qubit - index qubit: 0 |
| toffoli | Operator specification: toffoli - name qubit: control_qubit1 - index qubit: 0 |
| toffoli | Operator specification: toffoli - name qubit: control_qubit1 - index qubit: 1 |
| toffoli | Operator specification: toffoli - name qubit: control_qubit1 - index qubit: 2 |
| toffoli | Operator specification: toffoli - name qubit: control_qubit2 - index qubit: 0 |
| toffoli | Operator specification: toffoli - name qubit: control_qubit2 - index qubit: 1 |
| toffoli | Operator specification: toffoli - name qubit: control_qubit2 - index qubit: 2 |
| toffoli | Operator specification: toffoli - name qubit: target_qubit - index qubit: 0 |
| toffoli | Operator specification: toffoli - name qubit: target_qubit - index qubit: 1 |
| toffoli | Operator specification: toffoli - name qubit: target_qubit - index qubit: 2 |
| u1 | Operator specification: u1 - name qubit: qubit - index qubit: 1 |
| u2 | Operator specification: u2 - name qubit: qubit - index qubit: 2 |
| u3 | Operator specification: u3 - name qubit: qubit - index qubit: 3 |
| unitary | Operator specification: unitary - name qubit: qubits - index qubit: 1 |
| x | Operator specification: x - name qubit: qubit - index qubit: 0 |
| y | Operator specification: y - name qubit: qubit - index qubit: 0 |
| z | Operator specification: z - name qubit: qubit - index qubit: 0 |
