| concept_complex_bit_use.py:37:20:37:20 | ControlFlowNode for IntegerLiteral | but use : circuit: qc - reg: anonymous register - index: 1 - gate: HGate |
| concept_gate_specification.py:55:27:55:27 | ControlFlowNode for IntegerLiteral | but use : circuit: qc - reg: anonymous register - index: 0 - gate: XGate |
| concept_gate_specification.py:56:27:56:27 | ControlFlowNode for IntegerLiteral | but use : circuit: qc - reg: anonymous register - index: 1 - gate: YGate |
| concept_gate_specification.py:57:27:57:27 | ControlFlowNode for IntegerLiteral | but use : circuit: qc - reg: anonymous register - index: 2 - gate: ZGate |
| concept_gate_specification.py:58:27:58:27 | ControlFlowNode for IntegerLiteral | but use : circuit: qc - reg: anonymous register - index: 3 - gate: HGate |
| concept_gate_specification.py:59:27:59:27 | ControlFlowNode for IntegerLiteral | but use : circuit: qc - reg: anonymous register - index: 4 - gate: SGate |
| concept_gate_specification.py:60:29:60:29 | ControlFlowNode for IntegerLiteral | but use : circuit: qc - reg: anonymous register - index: 5 - gate: SdgGate |
| concept_gate_specification.py:61:27:61:27 | ControlFlowNode for IntegerLiteral | but use : circuit: qc - reg: anonymous register - index: 6 - gate: TGate |
| concept_gate_specification.py:62:29:62:29 | ControlFlowNode for IntegerLiteral | but use : circuit: qc - reg: anonymous register - index: 7 - gate: TdgGate |
| concept_gate_specification.py:63:37:63:37 | ControlFlowNode for IntegerLiteral | but use : circuit: qc - reg: anonymous register - index: 0 - gate: RXGate |
| concept_gate_specification.py:64:31:64:31 | ControlFlowNode for IntegerLiteral | but use : circuit: qc - reg: anonymous register - index: 1 - gate: RYGate |
| concept_gate_specification.py:65:29:65:29 | ControlFlowNode for IntegerLiteral | but use : circuit: qc - reg: anonymous register - index: 2 - gate: RZGate |
| concept_gate_specification.py:66:31:66:31 | ControlFlowNode for IntegerLiteral | but use : circuit: qc - reg: anonymous register - index: 3 - gate: U1Gate |
| concept_gate_specification.py:67:38:67:38 | ControlFlowNode for IntegerLiteral | but use : circuit: qc - reg: anonymous register - index: 4 - gate: U2Gate |
| concept_gate_specification.py:68:49:68:49 | ControlFlowNode for IntegerLiteral | but use : circuit: qc - reg: anonymous register - index: 5 - gate: U3Gate |
| concept_gate_specification.py:69:28:69:34 | ControlFlowNode for Subscript | but use : circuit: qc - reg: qreg - index: 0 - gate: CXGate |
| concept_gate_specification.py:69:37:69:43 | ControlFlowNode for Subscript | but use : circuit: qc - reg: qreg - index: 1 - gate: CXGate |
| concept_gate_specification.py:70:28:70:34 | ControlFlowNode for Subscript | but use : circuit: qc - reg: qreg - index: 1 - gate: CYGate |
| concept_gate_specification.py:70:37:70:43 | ControlFlowNode for Subscript | but use : circuit: qc - reg: qreg - index: 2 - gate: CYGate |
| concept_gate_specification.py:71:28:71:34 | ControlFlowNode for Subscript | but use : circuit: qc - reg: qreg - index: 2 - gate: CZGate |
| concept_gate_specification.py:71:37:71:43 | ControlFlowNode for Subscript | but use : circuit: qc - reg: qreg - index: 3 - gate: CZGate |
| concept_gate_specification.py:72:28:72:28 | ControlFlowNode for IntegerLiteral | but use : circuit: qc - reg: anonymous register - index: 3 - gate: CHGate |
| concept_gate_specification.py:72:31:72:31 | ControlFlowNode for IntegerLiteral | but use : circuit: qc - reg: anonymous register - index: 4 - gate: CHGate |
| concept_gate_specification.py:73:50:73:56 | ControlFlowNode for Subscript | but use : circuit: qc - reg: qreg - index: 4 - gate: CRZGate |
| concept_gate_specification.py:73:59:73:65 | ControlFlowNode for Subscript | but use : circuit: qc - reg: qreg - index: 5 - gate: CRZGate |
| concept_gate_specification.py:74:50:74:56 | ControlFlowNode for Subscript | but use : circuit: qc - reg: qreg - index: 5 - gate: CU1Gate |
| concept_gate_specification.py:74:59:74:65 | ControlFlowNode for Subscript | but use : circuit: qc - reg: qreg - index: 6 - gate: CU1Gate |
| concept_gate_specification.py:75:42:75:42 | ControlFlowNode for IntegerLiteral | but use : circuit: qc - reg: anonymous register - index: 6 - gate: CU3Gate |
| concept_gate_specification.py:75:45:75:45 | ControlFlowNode for IntegerLiteral | but use : circuit: qc - reg: anonymous register - index: 7 - gate: CU3Gate |
| concept_gate_specification.py:76:30:76:30 | ControlFlowNode for IntegerLiteral | but use : circuit: qc - reg: anonymous register - index: 0 - gate: SwapGate |
| concept_gate_specification.py:76:33:76:33 | ControlFlowNode for IntegerLiteral | but use : circuit: qc - reg: anonymous register - index: 1 - gate: SwapGate |
| concept_gate_specification.py:77:29:77:29 | ControlFlowNode for IntegerLiteral | but use : circuit: qc - reg: anonymous register - index: 0 - gate: CCXGate |
| concept_gate_specification.py:77:32:77:32 | ControlFlowNode for IntegerLiteral | but use : circuit: qc - reg: anonymous register - index: 1 - gate: CCXGate |
| concept_gate_specification.py:77:35:77:35 | ControlFlowNode for IntegerLiteral | but use : circuit: qc - reg: anonymous register - index: 2 - gate: CCXGate |
| concept_gate_specification.py:78:31:78:31 | ControlFlowNode for IntegerLiteral | but use : circuit: qc - reg: anonymous register - index: 0 - gate: CSwapGate |
| concept_gate_specification.py:78:34:78:34 | ControlFlowNode for IntegerLiteral | but use : circuit: qc - reg: anonymous register - index: 1 - gate: CSwapGate |
| concept_gate_specification.py:78:37:78:37 | ControlFlowNode for IntegerLiteral | but use : circuit: qc - reg: anonymous register - index: 2 - gate: CSwapGate |
| concept_gate_specification.py:79:38:79:38 | ControlFlowNode for IntegerLiteral | but use : circuit: qc - reg: anonymous register - index: 0 - gate: RXXGate |
| concept_gate_specification.py:79:41:79:41 | ControlFlowNode for IntegerLiteral | but use : circuit: qc - reg: anonymous register - index: 1 - gate: RXXGate |
| concept_gate_specification.py:80:38:80:38 | ControlFlowNode for IntegerLiteral | but use : circuit: qc - reg: anonymous register - index: 1 - gate: RYYGate |
| concept_gate_specification.py:80:41:80:41 | ControlFlowNode for IntegerLiteral | but use : circuit: qc - reg: anonymous register - index: 2 - gate: RYYGate |
| concept_gate_specification.py:81:38:81:38 | ControlFlowNode for IntegerLiteral | but use : circuit: qc - reg: anonymous register - index: 2 - gate: RZZGate |
| concept_gate_specification.py:81:41:81:41 | ControlFlowNode for IntegerLiteral | but use : circuit: qc - reg: anonymous register - index: 3 - gate: RZZGate |
| concept_gate_specification.py:82:38:82:38 | ControlFlowNode for IntegerLiteral | but use : circuit: qc - reg: anonymous register - index: 3 - gate: RZXGate |
| concept_gate_specification.py:82:41:82:41 | ControlFlowNode for IntegerLiteral | but use : circuit: qc - reg: anonymous register - index: 4 - gate: RZXGate |
| concept_gate_specification.py:83:38:83:38 | ControlFlowNode for IntegerLiteral | but use : circuit: qc - reg: anonymous register - index: 4 - gate: RZZGate |
| concept_gate_specification.py:83:41:83:41 | ControlFlowNode for IntegerLiteral | but use : circuit: qc - reg: anonymous register - index: 5 - gate: RZZGate |
| concept_gate_specification.py:91:29:91:29 | ControlFlowNode for IntegerLiteral | but use : circuit: qc - reg: anonymous register - index: 0 - gate: Measure |
